// Jest Snapshot v1, https://goo.gl/fbAQLP

exports[`components/DialogIntroductionText should not fail on empty value 1`] = `
<DocumentFragment>
  <span />
</DocumentFragment>
`;

exports[`components/DialogIntroductionText should render message with supported values 1`] = `
<DocumentFragment>
  <p>
    <strong>
      bold
    </strong>
     
    <em>
      italic
    </em>
     
    <a
      class="theme markdown__link"
      href="https://mattermost.com/"
      rel="noreferrer"
      target="_blank"
    >
      link
    </a>
     &lt;br/&gt; 
    <a
      class="theme markdown__link"
      href="!https://mattermost.com/"
      rel="noreferrer"
      target="_blank"
    >
      link target blank
    </a>
  </p>
</DocumentFragment>
`;
