// Jest Snapshot v1, https://goo.gl/fbAQLP

exports[`components/widgets/popover plain 1`] = `Some text`;
