// Jest Snapshot v1, https://goo.gl/fbAQLP

exports[`components/app_bar/app_bar should match snapshot on mount 1`] = `
<AppBar>
  <div
    className="app-bar"
  >
    <div
      className="app-bar__top"
    >
      <AppBarPluginComponent
        component={
          Object {
            "action": [MockFunction],
            "icon": "fallback_component",
            "id": "the_component_id",
            "pluginId": "playbooks",
            "tooltipText": "Playbooks Tooltip",
          }
        }
        key="the_component_id"
      >
        <OverlayTrigger
          defaultOverlayShown={false}
          delayShow={400}
          overlay={null}
          placement="left"
          trigger={
            Array [
              "hover",
              "focus",
            ]
          }
        >
          <div
            className="app-bar__icon"
            id="app-bar-icon-playbooks"
            onClick={[Function]}
          >
            <div
              className="app-bar__old-icon app-bar__icon-inner app-bar__icon-inner--centered"
              role="button"
              tabIndex={0}
            >
              fallback_component
            </div>
          </div>
        </OverlayTrigger>
      </AppBarPluginComponent>
      <hr
        className="app-bar__divider"
        key="divider"
      />
      <AppBarBinding
        binding={
          Object {
            "app_id": "com.mattermost.zendesk",
            "label": "Create Subscription",
          }
        }
        key="com.mattermost.zendesk_Create Subscription"
      >
        <OverlayTrigger
          defaultOverlayShown={false}
          delayShow={400}
          overlay={null}
          placement="left"
          trigger={
            Array [
              "hover",
              "focus",
            ]
          }
        >
          <div
            aria-label="Create Subscription"
            className="app-bar__icon"
            id="app-bar-icon-com.mattermost.zendesk"
            onClick={[Function]}
          >
            <div
              className="app-bar__icon-inner"
            >
              <img />
            </div>
          </div>
        </OverlayTrigger>
      </AppBarBinding>
    </div>
  </div>
</AppBar>
`;

exports[`components/app_bar/app_bar should match snapshot on mount when App Bar is disabled 1`] = `
<AppBar>
  <div
    className="app-bar"
  >
    <div
      className="app-bar__top"
    >
      <AppBarPluginComponent
        component={
          Object {
            "action": [MockFunction],
            "icon": "fallback_component",
            "id": "the_component_id",
            "pluginId": "playbooks",
            "tooltipText": "Playbooks Tooltip",
          }
        }
        key="the_component_id"
      >
        <OverlayTrigger
          defaultOverlayShown={false}
          delayShow={400}
          overlay={null}
          placement="left"
          trigger={
            Array [
              "hover",
              "focus",
            ]
          }
        >
          <div
            className="app-bar__icon"
            id="app-bar-icon-playbooks"
            onClick={[Function]}
          >
            <div
              className="app-bar__old-icon app-bar__icon-inner app-bar__icon-inner--centered"
              role="button"
              tabIndex={0}
            >
              fallback_component
            </div>
          </div>
        </OverlayTrigger>
      </AppBarPluginComponent>
      <hr
        className="app-bar__divider"
        key="divider"
      />
      <AppBarBinding
        binding={
          Object {
            "app_id": "com.mattermost.zendesk",
            "label": "Create Subscription",
          }
        }
        key="com.mattermost.zendesk_Create Subscription"
      >
        <OverlayTrigger
          defaultOverlayShown={false}
          delayShow={400}
          overlay={null}
          placement="left"
          trigger={
            Array [
              "hover",
              "focus",
            ]
          }
        >
          <div
            aria-label="Create Subscription"
            className="app-bar__icon"
            id="app-bar-icon-com.mattermost.zendesk"
            onClick={[Function]}
          >
            <div
              className="app-bar__icon-inner"
            >
              <img />
            </div>
          </div>
        </OverlayTrigger>
      </AppBarBinding>
    </div>
  </div>
</AppBar>
`;
